
> portfolio@0.1.0 build
> next build

Γû▓ Next.js 16.1.6 (Turbopack)

  Creating an optimized production build ...
node.exe : 
At line:1 char:1
+ & "C:\Program 
Files\nodejs/node.exe" 
"C:\Program 
Files\nodejs/node_mo 
...
+ ~~~~~~~~~~~~~~~~~~~~~
~~~~~~~~~~~~~~~~~~~~~~~
~~~~~~~~~~~~~~~~~~~~~~~
~~
    + CategoryInfo     
         : NotSpecifi  
  ed: (:String) [],    
 RemoteException
    + FullyQualifiedEr 
   rorId : NativeComm  
  andError
 
> Build error occurred
Error: Turbopack build 
failed with 1 errors:
./components/3d/islands
/SkillsIsland.tsx:65:1
Parsing ecmascript 
source code failed
[0m [90m 63 |[39m 
[32m  );[39m
 [90m 64 |[39m 
[32m}[39m
[31m[1m>[22m[39m[9
0m 65 |[39m [32m[39m
 [90m    |[39m [31m
[1m^[22m[39m[0m

Expected '</', got 
'<eof>'

Import trace:
  Client Component 
Browser:
    ./components/3d/isl
ands/SkillsIsland.tsx 
[Client Component 
Browser]
    ./components/3d/Sce
ne.tsx [Client 
Component Browser]
    ./app/page.tsx 
[Client Component 
Browser]
    ./app/page.tsx 
[Server Component]


    at <unknown> (./com
ponents/3d/islands/Skil
lsIsland.tsx:65:1)
