components/3d/islands/SkillsIsland.tsx(37,130): error TS1127: Invalid character.
components/3d/islands/SkillsIsland.tsx(37,154): error TS1381: Unexpected token. Did you mean `{'}'}` or `&rbrace;`?
components/3d/islands/SkillsIsland.tsx(37,155): error TS1381: Unexpected token. Did you mean `{'}'}` or `&rbrace;`?
components/3d/islands/SkillsIsland.tsx(37,158): error TS1382: Unexpected token. Did you mean `{'>'}` or `&gt;`?
